../Core/Src/stepper.c:82:6:moveTo	16	static
../Core/Src/stepper.c:93:6:move	16	static
../Core/Src/stepper.c:98:6:stepper_setup	32	static
../Core/Src/stepper.c:143:7:runSpeed	16	static
../Core/Src/stepper.c:176:9:distanceToGo	4	static
../Core/Src/stepper.c:181:9:targetPosition	4	static
../Core/Src/stepper.c:186:9:currentPosition	4	static
../Core/Src/stepper.c:191:6:setCurrentPosition	16	static
../Core/Src/stepper.c:199:10:computeNewSpeed	32	static
../Core/Src/stepper.c:286:7:run	8	static
../Core/Src/stepper.c:294:6:setMaxSpeed	24	static
../Core/Src/stepper.c:311:7:maxSpeed	4	static
../Core/Src/stepper.c:316:6:setAcceleration	16	static
../Core/Src/stepper.c:333:8:acceleration	4	static
../Core/Src/stepper.c:338:6:setSpeed	24	static
../Core/Src/stepper.c:356:6:setOutputPins	24	static
../Core/Src/stepper.c:370:7:speed	4	static
../Core/Src/stepper.c:375:6:step	16	static
../Core/Src/stepper.c:386:6:step1	16	static
../Core/Src/stepper.c:400:9:stepForward	8	static
../Core/Src/stepper.c:409:9:stepBackward	8	static
../Core/Src/stepper.c:418:6:setEnablePin	16	static
../Core/Src/stepper.c:431:6:setMinPulseWidth	16	static
../Core/Src/stepper.c:436:6:setPinsInverted	16	static
../Core/Src/stepper.c:443:6:runToPosition	8	static
../Core/Src/stepper.c:449:7:runSpeedToPosition	8	static
../Core/Src/stepper.c:460:6:runToNewPosition	16	static
../Core/Src/stepper.c:466:6:stop	24	static
../Core/Src/stepper.c:478:7:isRunning	4	static
../Core/Src/stepper.c:486:6:delay_us	16	static
