../Core/Src/main.c:125:5:main	32	static
../Core/Src/main.c:253:6:SystemClock_Config	88	static
../Core/Src/main.c:301:13:MX_SPI1_Init	8	static
../Core/Src/main.c:339:13:MX_TIM2_Init	56	static
../Core/Src/main.c:388:13:MX_TIM6_Init	16	static
../Core/Src/main.c:426:13:MX_TIM7_Init	16	static
../Core/Src/main.c:464:13:MX_USART2_UART_Init	8	static
../Core/Src/main.c:497:13:MX_GPIO_Init	48	static
../Core/Src/main.c:577:6:HAL_GPIO_EXTI_Callback	16	static
../Core/Src/main.c:701:6:HAL_UART_RxCpltCallback	16	static
../Core/Src/main.c:755:6:__delay_ms	24	static
../Core/Src/main.c:768:6:Error_Handler	8	static,ignoring_inline_asm
