../Core/Src/stepper.c:90:6:moveTo	16	static
../Core/Src/stepper.c:101:6:move	16	static
../Core/Src/stepper.c:106:6:stepper_setup	32	static
../Core/Src/stepper.c:151:7:runSpeed	16	static
../Core/Src/stepper.c:186:9:distanceToGo	4	static
../Core/Src/stepper.c:191:9:targetPosition	4	static
../Core/Src/stepper.c:196:9:currentPosition	4	static
../Core/Src/stepper.c:201:6:setCurrentPosition	16	static
../Core/Src/stepper.c:209:10:computeNewSpeed	32	static
../Core/Src/stepper.c:311:7:run	8	static
../Core/Src/stepper.c:319:6:setMaxSpeed	24	static
../Core/Src/stepper.c:336:7:maxSpeed	4	static
../Core/Src/stepper.c:341:6:setAcceleration	16	static
../Core/Src/stepper.c:358:8:acceleration	4	static
../Core/Src/stepper.c:363:6:setSpeed	24	static
../Core/Src/stepper.c:381:6:setOutputPins	24	static
../Core/Src/stepper.c:395:7:speed	4	static
../Core/Src/stepper.c:400:6:step	16	static
../Core/Src/stepper.c:411:6:step1	16	static
../Core/Src/stepper.c:443:6:setEnablePin	16	static
../Core/Src/stepper.c:456:6:setMinPulseWidth	16	static
../Core/Src/stepper.c:461:6:setPinsInverted	16	static
../Core/Src/stepper.c:468:6:runToPosition	8	static
../Core/Src/stepper.c:474:7:runSpeedToPosition	8	static
../Core/Src/stepper.c:485:6:runToNewPosition	16	static
../Core/Src/stepper.c:491:6:stop	24	static
../Core/Src/stepper.c:503:7:isRunning	4	static
../Core/Src/stepper.c:511:6:delay_us	16	static
